AREA .  .ABS.
	RADIX HEX
	BASE 0000
	SIZE 0000
	ATTRIB ABS OVR
	GLOBALS
		l__HEAP	0000
		l__BSEG	0000
		l_.  .ABS.	0000
		l__GSFINAL	0000
		l__ISEG	0000
		s_.  .ABS.	0000
		s__HEADER	0000
		l__XSEG	0000
		.init	0000
		l__OVERLAY	0000
		l__LIT	0000
		s__SFR	0000
		l__GSINITTAIL	0001
		l__BSS	0087
		l__HEADER	01EB
		s__CODE	0200
		l__HOME	04AF
		l__DATA	0882
		l__CODE	0D7A
		s__HOME	0F7A
		l__BASE	1092
		s__BASE	1429
		s__LIT	24BB
		s__GSINIT	24BB
		l__GSINIT	327A
		s__GSINITTAIL	5735
		s__GSFINAL	5736
		.OAM	C000
		s__DATA	C0A0
		s__BSS	C922
		s__HEAP	C9A9
		s__BSEG	C9A9
		s__ISEG	C9A9
		s__XSEG	C9A9
		s__OVERLAY	C9A9
		.STACK	E000
		.refresh_OAM	FF80
		l__SFR	10000
AREA _CODE
	RADIX HEX
	BASE 0200
	SIZE 0D7A
	ATTRIB REL CON
	GLOBALS
		_performantdelay	0200
		_checkcollisions	0214
		_movegamecharacter	038E
		_setupPickle	0418
		_setupMissile	04AB
		_setupFrog	0525
		_main	05C3
		_putchar	0809
		_setchar	0812
		_gotoxy	081B
		_posx	0826
		_posy	0837
		.adv_gcurs	0848
		.circle	0865
		.horlin	0908
		.verlin	0940
		.circplot	099C
		.box	0A1A
		.line	0AF0
		.xonly	0C11
		.yonly	0D60
		.plot	0D81
		.wrbyte	0D9E
		.getpix	0E20
		.wrtchr	0E55
		_gotogxy	0EB9
		_wrtchr	0EC4
		_getpix	0ED9
		_color	0EE5
		_circle	0EF4
		_box	0F0E
		_line	0F32
		_plot_point	0F4A
		_plot	0F5E
AREA _HEADER
	RADIX HEX
	BASE 0000
	SIZE 01EB
	ATTRIB ABS OVR
	GLOBALS
		_exit	01D2
AREA _HOME
	RADIX HEX
	BASE 0F7A
	SIZE 04AF
	ATTRIB REL CON
	GLOBALS
		.set_mode	0F7A
		.remove_VBL	0F8A
		.remove_LCD	0F90
		.remove_TIM	0F96
		.remove_SIO	0F9C
		.remove_JOY	0FA2
		.add_VBL	0FA8
		.add_LCD	0FAE
		.add_TIM	0FB4
		.add_SIO	0FBA
		.add_JOY	0FC0
		.remove_int	0FC6
		.add_int	0FE6
		.wait_vbl_done	1002
		_wait_vbl_done	1002
		_display_off	1019
		.display_off	1019
		.serial_IO	103A
		_mode	1069
		_get_mode	1072
		_enable_interrupts	1077
		_disable_interrupts	1079
		_reset	107B
		.reset	107B
		_set_interrupts	1081
		_remove_VBL	108C
		_remove_LCD	1097
		_remove_TIM	10A2
		_remove_SIO	10AD
		_remove_JOY	10B8
		_add_VBL	10C3
		_add_LCD	10CE
		_add_TIM	10D9
		_add_SIO	10E4
		_add_JOY	10EF
		_clock	10FA
		__printTStates	1103
		banked_call	1104
		banked_ret	111D
		_printf	1126
		_sprintf	1155
AREA _BASE
	RADIX HEX
	BASE 1429
	SIZE 1092
	ATTRIB REL CON
	GLOBALS
		.mv_sprite	1429
		_move_sprite	1438
		_set_win_data	1445
		_set_bkg_data	1445
		_set_sprite_data	1492
		.padup	14C1
		_waitpadup	14C1
		.jpad	14D1
		.wait_pad	14FE
		_joypad	1505
		_waitpad	150A
		.set_sprite_tile	1514
		_set_sprite_tile	1521
		__modslong	152C
		__divslong	152C
		__mulslong	152C
		__divschar	152D
		__modschar	1539
		__divsint	1544
		__modsint	1555
		__divuchar	1564
		__moduchar	1570
		__divuint	157B
		__moduint	158C
		.mod8	159B
		.div8	159B
		.mod16	15A3
		.div16	15A3
		.modu8	15D9
		.divu8	15D9
		.modu16	15DC
		.divu16	15DC
		.copy_vram	1619
		_get_data	1628
		_set_data	1628
		_set_bkg_tiles	163B
		font_copy_uncompressed	164F
		font_copy_compressed	1685
		font_load	16DA
		font_copy_current	1722
		font_set	176A
		.put_char	1777
		.out_char	1790
		.del_char	1797
		_font_load	17F2
		_font_set	1800
		_font_init	180F
		_cls	1831
		.cls	1831
		.cr_curs	1863
		.adv_curs	1878
		.tmode	18D4
		.tmode_out	18FD
		_font_load_ibm_fixed	190D
		_font_ibm_fixed	1914
		_font_ibm_fixed_tiles	1A16
		.gmode	2216
		.vbl	2278
		.lcd	2283
		.draw_image	2290
		.switch_data	229A
		_switch_data	22D1
		_draw_image	22EC
		.y_table	22FF
		.set_xy_wtt	241F
		.set_xy_btt	2430
		.set_xy_tt	243F
		_set_tiles	2470
		.init_vram	2489
		.init_wtt	2497
		.init_btt	24A7
		.init_tt	24B5
AREA _LIT
	RADIX HEX
	BASE 24BB
	SIZE 0000
	ATTRIB REL CON
AREA _GSINIT
	RADIX HEX
	BASE 24BB
	SIZE 327A
	ATTRIB REL CON
	GLOBALS
		gsinit	24BB
AREA _GSINITTAIL
	RADIX HEX
	BASE 5735
	SIZE 0001
	ATTRIB REL CON
AREA _GSFINAL
	RADIX HEX
	BASE 5736
	SIZE 0000
	ATTRIB REL CON
AREA _DATA
	RADIX HEX
	BASE C0A0
	SIZE 0882
	ATTRIB REL CON
	GLOBALS
		_sprites	C0A0
		_bgTiles	C120
		_playfield	C160
		_gameoverTiles	C2C8
		_frogChar	C908
		_pickleChar	C910
		_missileChar	C918
		_spritesize	C920
		_lives	C921
AREA _BSS
	RADIX HEX
	BASE C922
	SIZE 0087
	ATTRIB REL CON
	GLOBALS
		__cpu	C922
		.mode	C923
		__io_out	C924
		__io_in	C925
		__io_status	C926
		.vbl_done	C927
		__current_bank	C928
		_sys_time	C929
		.sys_time	C929
		.int_0x40	C92B
		.int_0x48	C93B
		.int_0x50	C94B
		.int_0x58	C95B
		.int_0x60	C96B
		font_current	C97E
		font_first_free_tile	C981
		font_table	C982
		.curx	C994
		.cury	C995
		.fg_colour	C996
		.bg_colour	C997
AREA _HEAP
	RADIX HEX
	BASE C9A9
	SIZE 0000
	ATTRIB REL CON
	GLOBALS
		_malloc_heap_start	C9A9
AREA _OVERLAY
	RADIX HEX
	BASE C9A9
	SIZE 0000
	ATTRIB REL CON
AREA _ISEG
	RADIX HEX
	BASE C9A9
	SIZE 0000
	ATTRIB REL CON
AREA _BSEG
	RADIX HEX
	BASE C9A9
	SIZE 0000
	ATTRIB REL CON
AREA _XSEG
	RADIX HEX
	BASE C9A9
	SIZE 0000
	ATTRIB REL CON
AREA _SFR
	RADIX HEX
	BASE 0000
	SIZE 10000
	ATTRIB ABS OVR
	GLOBALS
		_P1_REG	FF00
		_SB_REG	FF01
		_SC_REG	FF02
		_DIV_REG	FF04
		_TIMA_REG	FF05
		_TMA_REG	FF06
		_TAC_REG	FF07
		_IF_REG	FF0F
		_NR10_REG	FF10
		_NR11_REG	FF11
		_NR12_REG	FF12
		_NR13_REG	FF13
		_NR14_REG	FF14
		_NR21_REG	FF16
		_NR22_REG	FF17
		_NR23_REG	FF18
		_NR24_REG	FF19
		_NR30_REG	FF1A
		_NR31_REG	FF1B
		_NR32_REG	FF1C
		_NR33_REG	FF1D
		_NR34_REG	FF1E
		_NR41_REG	FF20
		_NR42_REG	FF21
		_NR43_REG	FF22
		_NR44_REG	FF23
		_NR50_REG	FF24
		_NR51_REG	FF25
		_NR52_REG	FF26
		_LCDC_REG	FF40
		_STAT_REG	FF41
		_SCY_REG	FF42
		_SCX_REG	FF43
		_LY_REG	FF44
		_LYC_REG	FF45
		_DMA_REG	FF46
		_BGP_REG	FF47
		_OBP0_REG	FF48
		_OBP1_REG	FF49
		_WY_REG	FF4A
		_WX_REG	FF4B
		_KEY1_REG	FF4D
		_VBK_REG	FF4F
		_HDMA1_REG	FF51
		_HDMA2_REG	FF52
		_HDMA3_REG	FF53
		_HDMA4_REG	FF54
		_HDMA5_REG	FF55
		_RP_REG	FF56
		_BCPS_REG	FF68
		_BCPD_REG	FF69
		_OCPS_REG	FF6A
		_OCPD_REG	FF6B
		_SVBK_REG	FF70
		_IE_REG	FFFF
MODULES
	FILE C:\gbdk\lib/small/asxxxx/gb/crt0.o
		NAME Runtime
	FILE main.o
		NAME lcc98880
LIBRARIES
	LIBRARY C:\gbdk\lib/small/asxxxx/gb/gb.lib
		MODULE sfr.o
	LIBRARY C:\gbdk\lib/small/asxxxx/gb/gb.lib
		MODULE mv_spr.o
	LIBRARY C:\gbdk\lib/small/asxxxx/gb/gb.lib
		MODULE set_data.o
	LIBRARY C:\gbdk\lib/small/asxxxx/gb/gb.lib
		MODULE pad.o
	LIBRARY C:\gbdk\lib/small/asxxxx/gb/gb.lib
		MODULE set_spr.o
	LIBRARY C:\gbdk\lib/small/asxxxx/gbz80/gbz80.lib
		MODULE printf.o
	LIBRARY C:\gbdk\lib/small/asxxxx/gbz80/gbz80.lib
		MODULE div.o
	LIBRARY C:\gbdk\lib/small/asxxxx/gb/gb.lib
		MODULE cpy_data.o
	LIBRARY C:\gbdk\lib/small/asxxxx/gb/gb.lib
		MODULE set_bk_t.o
	LIBRARY C:\gbdk\lib/small/asxxxx/gb/gb.lib
		MODULE font.o
	LIBRARY C:\gbdk\lib/small/asxxxx/gb/gb.lib
		MODULE ibmfixed.o
	LIBRARY C:\gbdk\lib/small/asxxxx/gb/gb.lib
		MODULE drawing.o
	LIBRARY C:\gbdk\lib/small/asxxxx/gb/gb.lib
		MODULE set_xy_t.o
	LIBRARY C:\gbdk\lib/small/asxxxx/gb/gb.lib
		MODULE init_tt.o
USERBASEDEF
	_CODE=0x0200
	_DATA=0xC0A0
	_CODE_1=0x4000
USERGLOBALDEF
	.OAM=0xC000
	.STACK=0xE000
	.refresh_OAM=0xFF80
	.init=0x0000
