AREA .  .ABS.
	RADIX HEX
	BASE 0000
	SIZE 0000
	ATTRIB ABS OVR
	GLOBALS
		l__HEAP	0000
		l__BSEG	0000
		l_.  .ABS.	0000
		l__GSFINAL	0000
		l__ISEG	0000
		s_.  .ABS.	0000
		s__HEADER	0000
		l__XSEG	0000
		.init	0000
		l__OVERLAY	0000
		l__LIT	0000
		s__SFR	0000
		l__GSINITTAIL	0001
		l__BSS	0087
		l__HEADER	01EB
		s__CODE	0200
		l__DATA	023A
		l__HOME	04AF
		l__CODE	0CD6
		l__GSINIT	0CFA
		s__HOME	0ED6
		l__BASE	1092
		s__BASE	1385
		s__LIT	2417
		s__GSINIT	2417
		s__GSINITTAIL	3111
		s__GSFINAL	3112
		.OAM	C000
		s__DATA	C0A0
		s__BSS	C2DA
		s__HEAP	C361
		s__BSEG	C361
		s__ISEG	C361
		s__XSEG	C361
		s__OVERLAY	C361
		.STACK	E000
		.refresh_OAM	FF80
		l__SFR	10000
AREA _CODE
	RADIX HEX
	BASE 0200
	SIZE 0CD6
	ATTRIB REL CON
	GLOBALS
		_performantdelay	0200
		_checkcollisions	0214
		_movegamecharacter	038E
		_setupPickle	0418
		_setupFrog	04AB
		_main	0549
		_putchar	0765
		_setchar	076E
		_gotoxy	0777
		_posx	0782
		_posy	0793
		.adv_gcurs	07A4
		.circle	07C1
		.horlin	0864
		.verlin	089C
		.circplot	08F8
		.box	0976
		.line	0A4C
		.xonly	0B6D
		.yonly	0CBC
		.plot	0CDD
		.wrbyte	0CFA
		.getpix	0D7C
		.wrtchr	0DB1
		_gotogxy	0E15
		_wrtchr	0E20
		_getpix	0E35
		_color	0E41
		_circle	0E50
		_box	0E6A
		_line	0E8E
		_plot_point	0EA6
		_plot	0EBA
AREA _HEADER
	RADIX HEX
	BASE 0000
	SIZE 01EB
	ATTRIB ABS OVR
	GLOBALS
		_exit	01D2
AREA _HOME
	RADIX HEX
	BASE 0ED6
	SIZE 04AF
	ATTRIB REL CON
	GLOBALS
		.set_mode	0ED6
		.remove_VBL	0EE6
		.remove_LCD	0EEC
		.remove_TIM	0EF2
		.remove_SIO	0EF8
		.remove_JOY	0EFE
		.add_VBL	0F04
		.add_LCD	0F0A
		.add_TIM	0F10
		.add_SIO	0F16
		.add_JOY	0F1C
		.remove_int	0F22
		.add_int	0F42
		.wait_vbl_done	0F5E
		_wait_vbl_done	0F5E
		_display_off	0F75
		.display_off	0F75
		.serial_IO	0F96
		_mode	0FC5
		_get_mode	0FCE
		_enable_interrupts	0FD3
		_disable_interrupts	0FD5
		_reset	0FD7
		.reset	0FD7
		_set_interrupts	0FDD
		_remove_VBL	0FE8
		_remove_LCD	0FF3
		_remove_TIM	0FFE
		_remove_SIO	1009
		_remove_JOY	1014
		_add_VBL	101F
		_add_LCD	102A
		_add_TIM	1035
		_add_SIO	1040
		_add_JOY	104B
		_clock	1056
		__printTStates	105F
		banked_call	1060
		banked_ret	1079
		_printf	1082
		_sprintf	10B1
AREA _BASE
	RADIX HEX
	BASE 1385
	SIZE 1092
	ATTRIB REL CON
	GLOBALS
		.mv_sprite	1385
		_move_sprite	1394
		_set_win_data	13A1
		_set_bkg_data	13A1
		_set_sprite_data	13EE
		.padup	141D
		_waitpadup	141D
		.jpad	142D
		.wait_pad	145A
		_joypad	1461
		_waitpad	1466
		.set_sprite_tile	1470
		_set_sprite_tile	147D
		__modslong	1488
		__divslong	1488
		__mulslong	1488
		__divschar	1489
		__modschar	1495
		__divsint	14A0
		__modsint	14B1
		__divuchar	14C0
		__moduchar	14CC
		__divuint	14D7
		__moduint	14E8
		.mod8	14F7
		.div8	14F7
		.mod16	14FF
		.div16	14FF
		.modu8	1535
		.divu8	1535
		.modu16	1538
		.divu16	1538
		.copy_vram	1575
		_get_data	1584
		_set_data	1584
		_set_bkg_tiles	1597
		font_copy_uncompressed	15AB
		font_copy_compressed	15E1
		font_load	1636
		font_copy_current	167E
		font_set	16C6
		.put_char	16D3
		.out_char	16EC
		.del_char	16F3
		_font_load	174E
		_font_set	175C
		_font_init	176B
		_cls	178D
		.cls	178D
		.cr_curs	17BF
		.adv_curs	17D4
		.tmode	1830
		.tmode_out	1859
		_font_load_ibm_fixed	1869
		_font_ibm_fixed	1870
		_font_ibm_fixed_tiles	1972
		.gmode	2172
		.vbl	21D4
		.lcd	21DF
		.draw_image	21EC
		.switch_data	21F6
		_switch_data	222D
		_draw_image	2248
		.y_table	225B
		.set_xy_wtt	237B
		.set_xy_btt	238C
		.set_xy_tt	239B
		_set_tiles	23CC
		.init_vram	23E5
		.init_wtt	23F3
		.init_btt	2403
		.init_tt	2411
AREA _LIT
	RADIX HEX
	BASE 2417
	SIZE 0000
	ATTRIB REL CON
AREA _GSINIT
	RADIX HEX
	BASE 2417
	SIZE 0CFA
	ATTRIB REL CON
	GLOBALS
		gsinit	2417
AREA _GSINITTAIL
	RADIX HEX
	BASE 3111
	SIZE 0001
	ATTRIB REL CON
AREA _GSFINAL
	RADIX HEX
	BASE 3112
	SIZE 0000
	ATTRIB REL CON
AREA _DATA
	RADIX HEX
	BASE C0A0
	SIZE 023A
	ATTRIB REL CON
	GLOBALS
		_sprites	C0A0
		_bgTiles	C120
		_playfield	C160
		_frogChar	C2C8
		_pickleChar	C2D0
		_spritesize	C2D8
		_lives	C2D9
AREA _BSS
	RADIX HEX
	BASE C2DA
	SIZE 0087
	ATTRIB REL CON
	GLOBALS
		__cpu	C2DA
		.mode	C2DB
		__io_out	C2DC
		__io_in	C2DD
		__io_status	C2DE
		.vbl_done	C2DF
		__current_bank	C2E0
		_sys_time	C2E1
		.sys_time	C2E1
		.int_0x40	C2E3
		.int_0x48	C2F3
		.int_0x50	C303
		.int_0x58	C313
		.int_0x60	C323
		font_current	C336
		font_first_free_tile	C339
		font_table	C33A
		.curx	C34C
		.cury	C34D
		.fg_colour	C34E
		.bg_colour	C34F
AREA _HEAP
	RADIX HEX
	BASE C361
	SIZE 0000
	ATTRIB REL CON
	GLOBALS
		_malloc_heap_start	C361
AREA _OVERLAY
	RADIX HEX
	BASE C361
	SIZE 0000
	ATTRIB REL CON
AREA _ISEG
	RADIX HEX
	BASE C361
	SIZE 0000
	ATTRIB REL CON
AREA _BSEG
	RADIX HEX
	BASE C361
	SIZE 0000
	ATTRIB REL CON
AREA _XSEG
	RADIX HEX
	BASE C361
	SIZE 0000
	ATTRIB REL CON
AREA _SFR
	RADIX HEX
	BASE 0000
	SIZE 10000
	ATTRIB ABS OVR
	GLOBALS
		_P1_REG	FF00
		_SB_REG	FF01
		_SC_REG	FF02
		_DIV_REG	FF04
		_TIMA_REG	FF05
		_TMA_REG	FF06
		_TAC_REG	FF07
		_IF_REG	FF0F
		_NR10_REG	FF10
		_NR11_REG	FF11
		_NR12_REG	FF12
		_NR13_REG	FF13
		_NR14_REG	FF14
		_NR21_REG	FF16
		_NR22_REG	FF17
		_NR23_REG	FF18
		_NR24_REG	FF19
		_NR30_REG	FF1A
		_NR31_REG	FF1B
		_NR32_REG	FF1C
		_NR33_REG	FF1D
		_NR34_REG	FF1E
		_NR41_REG	FF20
		_NR42_REG	FF21
		_NR43_REG	FF22
		_NR44_REG	FF23
		_NR50_REG	FF24
		_NR51_REG	FF25
		_NR52_REG	FF26
		_LCDC_REG	FF40
		_STAT_REG	FF41
		_SCY_REG	FF42
		_SCX_REG	FF43
		_LY_REG	FF44
		_LYC_REG	FF45
		_DMA_REG	FF46
		_BGP_REG	FF47
		_OBP0_REG	FF48
		_OBP1_REG	FF49
		_WY_REG	FF4A
		_WX_REG	FF4B
		_KEY1_REG	FF4D
		_VBK_REG	FF4F
		_HDMA1_REG	FF51
		_HDMA2_REG	FF52
		_HDMA3_REG	FF53
		_HDMA4_REG	FF54
		_HDMA5_REG	FF55
		_RP_REG	FF56
		_BCPS_REG	FF68
		_BCPD_REG	FF69
		_OCPS_REG	FF6A
		_OCPD_REG	FF6B
		_SVBK_REG	FF70
		_IE_REG	FFFF
MODULES
	FILE C:\gbdk\lib/small/asxxxx/gb/crt0.o
		NAME Runtime
	FILE main.o
		NAME lcc60040
LIBRARIES
	LIBRARY C:\gbdk\lib/small/asxxxx/gb/gb.lib
		MODULE sfr.o
	LIBRARY C:\gbdk\lib/small/asxxxx/gb/gb.lib
		MODULE mv_spr.o
	LIBRARY C:\gbdk\lib/small/asxxxx/gb/gb.lib
		MODULE set_data.o
	LIBRARY C:\gbdk\lib/small/asxxxx/gb/gb.lib
		MODULE pad.o
	LIBRARY C:\gbdk\lib/small/asxxxx/gb/gb.lib
		MODULE set_spr.o
	LIBRARY C:\gbdk\lib/small/asxxxx/gbz80/gbz80.lib
		MODULE printf.o
	LIBRARY C:\gbdk\lib/small/asxxxx/gbz80/gbz80.lib
		MODULE div.o
	LIBRARY C:\gbdk\lib/small/asxxxx/gb/gb.lib
		MODULE cpy_data.o
	LIBRARY C:\gbdk\lib/small/asxxxx/gb/gb.lib
		MODULE set_bk_t.o
	LIBRARY C:\gbdk\lib/small/asxxxx/gb/gb.lib
		MODULE font.o
	LIBRARY C:\gbdk\lib/small/asxxxx/gb/gb.lib
		MODULE ibmfixed.o
	LIBRARY C:\gbdk\lib/small/asxxxx/gb/gb.lib
		MODULE drawing.o
	LIBRARY C:\gbdk\lib/small/asxxxx/gb/gb.lib
		MODULE set_xy_t.o
	LIBRARY C:\gbdk\lib/small/asxxxx/gb/gb.lib
		MODULE init_tt.o
USERBASEDEF
	_CODE=0x0200
	_DATA=0xC0A0
	_CODE_1=0x4000
USERGLOBALDEF
	.OAM=0xC000
	.STACK=0xE000
	.refresh_OAM=0xFF80
	.init=0x0000
