AREA .  .ABS.
	RADIX HEX
	BASE 0000
	SIZE 0000
	ATTRIB ABS OVR
	GLOBALS
		l__HEAP	0000
		l__BSEG	0000
		l_.  .ABS.	0000
		l__GSFINAL	0000
		l__ISEG	0000
		s_.  .ABS.	0000
		s__HEADER	0000
		l__XSEG	0000
		.init	0000
		l__OVERLAY	0000
		l__LIT	0000
		s__SFR	0000
		l__GSINITTAIL	0001
		l__BSS	0087
		l__HEADER	01EB
		s__CODE	0200
		l__DATA	023A
		l__HOME	04AF
		l__CODE	0CAB
		l__GSINIT	0CFA
		s__HOME	0EAB
		l__BASE	1092
		s__BASE	135A
		s__LIT	23EC
		s__GSINIT	23EC
		s__GSINITTAIL	30E6
		s__GSFINAL	30E7
		.OAM	C000
		s__DATA	C0A0
		s__BSS	C2DA
		s__HEAP	C361
		s__BSEG	C361
		s__ISEG	C361
		s__XSEG	C361
		s__OVERLAY	C361
		.STACK	E000
		.refresh_OAM	FF80
		l__SFR	10000
AREA _CODE
	RADIX HEX
	BASE 0200
	SIZE 0CAB
	ATTRIB REL CON
	GLOBALS
		_performantdelay	0200
		_checkcollisions	0214
		_movegamecharacter	0362
		_setupPickle	03EC
		_setupFrog	047F
		_main	051D
		_putchar	073A
		_setchar	0743
		_gotoxy	074C
		_posx	0757
		_posy	0768
		.adv_gcurs	0779
		.circle	0796
		.horlin	0839
		.verlin	0871
		.circplot	08CD
		.box	094B
		.line	0A21
		.xonly	0B42
		.yonly	0C91
		.plot	0CB2
		.wrbyte	0CCF
		.getpix	0D51
		.wrtchr	0D86
		_gotogxy	0DEA
		_wrtchr	0DF5
		_getpix	0E0A
		_color	0E16
		_circle	0E25
		_box	0E3F
		_line	0E63
		_plot_point	0E7B
		_plot	0E8F
AREA _HEADER
	RADIX HEX
	BASE 0000
	SIZE 01EB
	ATTRIB ABS OVR
	GLOBALS
		_exit	01D2
AREA _HOME
	RADIX HEX
	BASE 0EAB
	SIZE 04AF
	ATTRIB REL CON
	GLOBALS
		.set_mode	0EAB
		.remove_VBL	0EBB
		.remove_LCD	0EC1
		.remove_TIM	0EC7
		.remove_SIO	0ECD
		.remove_JOY	0ED3
		.add_VBL	0ED9
		.add_LCD	0EDF
		.add_TIM	0EE5
		.add_SIO	0EEB
		.add_JOY	0EF1
		.remove_int	0EF7
		.add_int	0F17
		.wait_vbl_done	0F33
		_wait_vbl_done	0F33
		_display_off	0F4A
		.display_off	0F4A
		.serial_IO	0F6B
		_mode	0F9A
		_get_mode	0FA3
		_enable_interrupts	0FA8
		_disable_interrupts	0FAA
		_reset	0FAC
		.reset	0FAC
		_set_interrupts	0FB2
		_remove_VBL	0FBD
		_remove_LCD	0FC8
		_remove_TIM	0FD3
		_remove_SIO	0FDE
		_remove_JOY	0FE9
		_add_VBL	0FF4
		_add_LCD	0FFF
		_add_TIM	100A
		_add_SIO	1015
		_add_JOY	1020
		_clock	102B
		__printTStates	1034
		banked_call	1035
		banked_ret	104E
		_printf	1057
		_sprintf	1086
AREA _BASE
	RADIX HEX
	BASE 135A
	SIZE 1092
	ATTRIB REL CON
	GLOBALS
		.mv_sprite	135A
		_move_sprite	1369
		_set_win_data	1376
		_set_bkg_data	1376
		_set_sprite_data	13C3
		.padup	13F2
		_waitpadup	13F2
		.jpad	1402
		.wait_pad	142F
		_joypad	1436
		_waitpad	143B
		.set_sprite_tile	1445
		_set_sprite_tile	1452
		__modslong	145D
		__divslong	145D
		__mulslong	145D
		__divschar	145E
		__modschar	146A
		__divsint	1475
		__modsint	1486
		__divuchar	1495
		__moduchar	14A1
		__divuint	14AC
		__moduint	14BD
		.mod8	14CC
		.div8	14CC
		.mod16	14D4
		.div16	14D4
		.modu8	150A
		.divu8	150A
		.modu16	150D
		.divu16	150D
		.copy_vram	154A
		_get_data	1559
		_set_data	1559
		_set_bkg_tiles	156C
		font_copy_uncompressed	1580
		font_copy_compressed	15B6
		font_load	160B
		font_copy_current	1653
		font_set	169B
		.put_char	16A8
		.out_char	16C1
		.del_char	16C8
		_font_load	1723
		_font_set	1731
		_font_init	1740
		_cls	1762
		.cls	1762
		.cr_curs	1794
		.adv_curs	17A9
		.tmode	1805
		.tmode_out	182E
		_font_load_ibm_fixed	183E
		_font_ibm_fixed	1845
		_font_ibm_fixed_tiles	1947
		.gmode	2147
		.vbl	21A9
		.lcd	21B4
		.draw_image	21C1
		.switch_data	21CB
		_switch_data	2202
		_draw_image	221D
		.y_table	2230
		.set_xy_wtt	2350
		.set_xy_btt	2361
		.set_xy_tt	2370
		_set_tiles	23A1
		.init_vram	23BA
		.init_wtt	23C8
		.init_btt	23D8
		.init_tt	23E6
AREA _LIT
	RADIX HEX
	BASE 23EC
	SIZE 0000
	ATTRIB REL CON
AREA _GSINIT
	RADIX HEX
	BASE 23EC
	SIZE 0CFA
	ATTRIB REL CON
	GLOBALS
		gsinit	23EC
AREA _GSINITTAIL
	RADIX HEX
	BASE 30E6
	SIZE 0001
	ATTRIB REL CON
AREA _GSFINAL
	RADIX HEX
	BASE 30E7
	SIZE 0000
	ATTRIB REL CON
AREA _DATA
	RADIX HEX
	BASE C0A0
	SIZE 023A
	ATTRIB REL CON
	GLOBALS
		_sprites	C0A0
		_bgTiles	C120
		_playfield	C160
		_frogChar	C2C8
		_pickleChar	C2D0
		_spritesize	C2D8
		_lives	C2D9
AREA _BSS
	RADIX HEX
	BASE C2DA
	SIZE 0087
	ATTRIB REL CON
	GLOBALS
		__cpu	C2DA
		.mode	C2DB
		__io_out	C2DC
		__io_in	C2DD
		__io_status	C2DE
		.vbl_done	C2DF
		__current_bank	C2E0
		_sys_time	C2E1
		.sys_time	C2E1
		.int_0x40	C2E3
		.int_0x48	C2F3
		.int_0x50	C303
		.int_0x58	C313
		.int_0x60	C323
		font_current	C336
		font_first_free_tile	C339
		font_table	C33A
		.curx	C34C
		.cury	C34D
		.fg_colour	C34E
		.bg_colour	C34F
AREA _HEAP
	RADIX HEX
	BASE C361
	SIZE 0000
	ATTRIB REL CON
	GLOBALS
		_malloc_heap_start	C361
AREA _OVERLAY
	RADIX HEX
	BASE C361
	SIZE 0000
	ATTRIB REL CON
AREA _ISEG
	RADIX HEX
	BASE C361
	SIZE 0000
	ATTRIB REL CON
AREA _BSEG
	RADIX HEX
	BASE C361
	SIZE 0000
	ATTRIB REL CON
AREA _XSEG
	RADIX HEX
	BASE C361
	SIZE 0000
	ATTRIB REL CON
AREA _SFR
	RADIX HEX
	BASE 0000
	SIZE 10000
	ATTRIB ABS OVR
	GLOBALS
		_P1_REG	FF00
		_SB_REG	FF01
		_SC_REG	FF02
		_DIV_REG	FF04
		_TIMA_REG	FF05
		_TMA_REG	FF06
		_TAC_REG	FF07
		_IF_REG	FF0F
		_NR10_REG	FF10
		_NR11_REG	FF11
		_NR12_REG	FF12
		_NR13_REG	FF13
		_NR14_REG	FF14
		_NR21_REG	FF16
		_NR22_REG	FF17
		_NR23_REG	FF18
		_NR24_REG	FF19
		_NR30_REG	FF1A
		_NR31_REG	FF1B
		_NR32_REG	FF1C
		_NR33_REG	FF1D
		_NR34_REG	FF1E
		_NR41_REG	FF20
		_NR42_REG	FF21
		_NR43_REG	FF22
		_NR44_REG	FF23
		_NR50_REG	FF24
		_NR51_REG	FF25
		_NR52_REG	FF26
		_LCDC_REG	FF40
		_STAT_REG	FF41
		_SCY_REG	FF42
		_SCX_REG	FF43
		_LY_REG	FF44
		_LYC_REG	FF45
		_DMA_REG	FF46
		_BGP_REG	FF47
		_OBP0_REG	FF48
		_OBP1_REG	FF49
		_WY_REG	FF4A
		_WX_REG	FF4B
		_KEY1_REG	FF4D
		_VBK_REG	FF4F
		_HDMA1_REG	FF51
		_HDMA2_REG	FF52
		_HDMA3_REG	FF53
		_HDMA4_REG	FF54
		_HDMA5_REG	FF55
		_RP_REG	FF56
		_BCPS_REG	FF68
		_BCPD_REG	FF69
		_OCPS_REG	FF6A
		_OCPD_REG	FF6B
		_SVBK_REG	FF70
		_IE_REG	FFFF
MODULES
	FILE C:\gbdk\lib/small/asxxxx/gb/crt0.o
		NAME Runtime
	FILE main.o
		NAME lcc43880
LIBRARIES
	LIBRARY C:\gbdk\lib/small/asxxxx/gb/gb.lib
		MODULE sfr.o
	LIBRARY C:\gbdk\lib/small/asxxxx/gb/gb.lib
		MODULE mv_spr.o
	LIBRARY C:\gbdk\lib/small/asxxxx/gb/gb.lib
		MODULE set_data.o
	LIBRARY C:\gbdk\lib/small/asxxxx/gb/gb.lib
		MODULE pad.o
	LIBRARY C:\gbdk\lib/small/asxxxx/gb/gb.lib
		MODULE set_spr.o
	LIBRARY C:\gbdk\lib/small/asxxxx/gbz80/gbz80.lib
		MODULE printf.o
	LIBRARY C:\gbdk\lib/small/asxxxx/gbz80/gbz80.lib
		MODULE div.o
	LIBRARY C:\gbdk\lib/small/asxxxx/gb/gb.lib
		MODULE cpy_data.o
	LIBRARY C:\gbdk\lib/small/asxxxx/gb/gb.lib
		MODULE set_bk_t.o
	LIBRARY C:\gbdk\lib/small/asxxxx/gb/gb.lib
		MODULE font.o
	LIBRARY C:\gbdk\lib/small/asxxxx/gb/gb.lib
		MODULE ibmfixed.o
	LIBRARY C:\gbdk\lib/small/asxxxx/gb/gb.lib
		MODULE drawing.o
	LIBRARY C:\gbdk\lib/small/asxxxx/gb/gb.lib
		MODULE set_xy_t.o
	LIBRARY C:\gbdk\lib/small/asxxxx/gb/gb.lib
		MODULE init_tt.o
USERBASEDEF
	_CODE=0x0200
	_DATA=0xC0A0
	_CODE_1=0x4000
USERGLOBALDEF
	.OAM=0xC000
	.STACK=0xE000
	.refresh_OAM=0xFF80
	.init=0x0000
